ffmpeg started on 2026-06-15 at 16:32:41
Report written to "ffmpeg-20260615-163241.log"
Log level: 48
Command line:
"C:\\Users\\sydor\\AppData\\Local\\Microsoft\\WinGet\\Links\\ffmpeg.exe" -i "g:\\projects\\04_CODE\\sydoryk.com\\solarpanel.png" -vcodec libwebp -lossless 0 -qscale 75 "g:\\projects\\04_CODE\\sydoryk.com\\public\\assets\\cover\\solarpanels.webp"
ffmpeg version 7.0.2-full_build-www.gyan.dev Copyright (c) 2000-2024 the FFmpeg developers
  built with gcc 13.2.0 (Rev5, Built by MSYS2 project)
  configuration: --enable-gpl --enable-version3 --enable-static --disable-w32threads --disable-autodetect --enable-fontconfig --enable-iconv --enable-gnutls --enable-libxml2 --enable-gmp --enable-bzlib --enable-lzma --enable-libsnappy --enable-zlib --enable-librist --enable-libsrt --enable-libssh --enable-libzmq --enable-avisynth --enable-libbluray --enable-libcaca --enable-sdl2 --enable-libaribb24 --enable-libaribcaption --enable-libdav1d --enable-libdavs2 --enable-libuavs3d --enable-libxevd --enable-libzvbi --enable-librav1e --enable-libsvtav1 --enable-libwebp --enable-libx264 --enable-libx265 --enable-libxavs2 --enable-libxeve --enable-libxvid --enable-libaom --enable-libjxl --enable-libopenjpeg --enable-libvpx --enable-mediafoundation --enable-libass --enable-frei0r --enable-libfreetype --enable-libfribidi --enable-libharfbuzz --enable-liblensfun --enable-libvidstab --enable-libvmaf --enable-libzimg --enable-amf --enable-cuda-llvm --enable-cuvid --enable-dxva2 --enable-d3d11va --enable-d3d12va --enable-f  libavutil      59.  8.100 / 59.  8.100
  libavcodec     61.  3.100 / 61.  3.100
  libavformat    61.  1.100 / 61.  1.100
  libavdevice    61.  1.100 / 61.  1.100
  libavfilter    10.  1.100 / 10.  1.100
  libswscale      8.  1.100 /  8.  1.100
  libswresample   5.  1.100 /  5.  1.100
  libpostproc    58.  1.100 / 58.  1.100
Splitting the commandline.
Reading option '-i' ... matched as input url with argument 'g:\projects\04_CODE\sydoryk.com\solarpanel.png'.
Reading option '-vcodec' ... matched as option 'vcodec' (alias for -c:v (select encoder/decoder for video streams)) with argument 'libwebp'.
Reading option '-lossless' ... matched as AVOption 'lossless' with argument '0'.
Reading option '-qscale' ... matched as option 'qscale' (use fixed quality scale (VBR)) with argument '75'.
Reading option 'g:\projects\04_CODE\sydoryk.com\public\assets\cover\solarpanels.webp' ... matched as output url.
Finished splitting the commandline.
Parsing a group of options: global .
Successfully parsed a group of options.
Parsing a group of options: input url g:\projects\04_CODE\sydoryk.com\solarpanel.png.
Successfully parsed a group of options.
Opening an input file: g:\projects\04_CODE\sydoryk.com\solarpanel.png.
[AVFormatContext @ 0000020da999d8c0] Opening 'g:\projects\04_CODE\sydoryk.com\solarpanel.png' for reading
[file @ 0000020da999df40] Setting default whitelist 'file,crypto,data'
[png_pipe @ 0000020da999d8c0] Format png_pipe probed with size=2048 and score=99
[png_pipe @ 0000020da999d8c0] Before avformat_find_stream_info() pos: 0 bytes read:32768 seeks:0 nb_streams:1
[png_pipe @ 0000020da999d8c0] After avformat_find_stream_info() pos: 1777625 bytes read:1777625 seeks:0 frames:1
Input #0, png_pipe, from 'g:\projects\04_CODE\sydoryk.com\solarpanel.png':
  Duration: N/A, bitrate: N/A
  Stream #0:0, 1, 1/25: Video: png, rgba(pc, gbr/unknown/unknown), 1200x1200, 25 fps, 25 tbr, 25 tbn
Successfully opened the file.
Parsing a group of options: output url g:\projects\04_CODE\sydoryk.com\public\assets\cover\solarpanels.webp.
Applying option vcodec (alias for -c:v (select encoder/decoder for video streams)) with argument libwebp.
Applying option qscale (use fixed quality scale (VBR)) with argument 75.
Please use -q:a or -q:v, -qscale is ambiguous
Successfully parsed a group of options.
Opening an output file: g:\projects\04_CODE\sydoryk.com\public\assets\cover\solarpanels.webp.
[out#0/webp @ 0000020da99a7100] No explicit maps, mapping streams automatically...
[vost#0:0/libwebp @ 0000020da9f900c0] Created video stream from input stream 0:0
detected 16 logical cores
[file @ 0000020da99cfd00] Setting default whitelist 'file,crypto,data'
Successfully opened the file.
Stream mapping:
  Stream #0:0 -> #0:0 (png (native) -> webp (libwebp))
[vost#0:0/libwebp @ 0000020da9f900c0] Starting thread...
[vf#0:0 @ 0000020daa30a040] Starting thread...
[vist#0:0/png @ 0000020daa30ae40] [dec:png @ 0000020da9993940] Starting thread...
[in#0/png_pipe @ 0000020da9978b40] Starting thread...
Press [q] to stop, [?] for help
[in#0/png_pipe @ 0000020da9978b40] EOF while reading input
[in#0/png_pipe @ 0000020da9978b40] Terminating thread with return code 0 (success)
[vist#0:0/png @ 0000020daa30ae40] [dec:png @ 0000020da9993940] Decoder thread received EOF packet
[vist#0:0/png @ 0000020daa30ae40] [dec:png @ 0000020da9993940] Decoder returned EOF, finishing
[vist#0:0/png @ 0000020daa30ae40] [dec:png @ 0000020da9993940] Terminating thread with return code 0 (success)
[graph 0 input from stream 0:0 @ 0000020da99d76c0] Setting 'video_size' to value '1200x1200'
[graph 0 input from stream 0:0 @ 0000020da99d76c0] Setting 'pix_fmt' to value '26'
[graph 0 input from stream 0:0 @ 0000020da99d76c0] Setting 'time_base' to value '1/25'
[graph 0 input from stream 0:0 @ 0000020da99d76c0] Setting 'pixel_aspect' to value '0/1'
[graph 0 input from stream 0:0 @ 0000020da99d76c0] Setting 'colorspace' to value '0'
[graph 0 input from stream 0:0 @ 0000020da99d76c0] Setting 'range' to value '2'
[graph 0 input from stream 0:0 @ 0000020da99d76c0] Setting 'frame_rate' to value '25/1'
[graph 0 input from stream 0:0 @ 0000020da99d76c0] w:1200 h:1200 pixfmt:rgba tb:1/25 fr:25/1 sar:0/1 csp:gbr range:pc
[format @ 0000020da9a3f080] Setting 'pix_fmts' to value 'bgra|yuv420p|yuva420p'
[auto_scale_0 @ 0000020da9a3f540] w:iw h:ih flags:'' interl:0
[format @ 0000020da9a3f080] auto-inserting filter 'auto_scale_0' between the filter 'Parsed_null_0' and the filter 'format'
[AVFilterGraph @ 0000020da99d2780] query_formats: 4 queried, 6 merged, 3 already done, 0 delayed
[auto_scale_0 @ 0000020da9a3f540] picking bgra out of 3 ref:rgba alpha:1
[swscaler @ 0000020da9ee1000] [swscaler @ 0000020da9ef0000] Forcing full internal H chroma due to input having non subsampled chroma
[swscaler @ 0000020da9ee1000] [swscaler @ 0000020da9f04400] Forcing full internal H chroma due to input having non subsampled chroma
[swscaler @ 0000020da9ee1000] [swscaler @ 0000020da9f187c0] Forcing full internal H chroma due to input having non subsampled chroma
[swscaler @ 0000020da9ee1000] [swscaler @ 0000020da9f2cbc0] Forcing full internal H chroma due to input having non subsampled chroma
[swscaler @ 0000020da9ee1000] [swscaler @ 0000020da9f40f80] Forcing full internal H chroma due to input having non subsampled chroma
[swscaler @ 0000020da9ee1000] [swscaler @ 0000020da9f55380] Forcing full internal H chroma due to input having non subsampled chroma
[swscaler @ 0000020da9ee1000] [swscaler @ 0000020da9f69740] Forcing full internal H chroma due to input having non subsampled chroma
[swscaler @ 0000020da9ee1000] [swscaler @ 0000020da9d900c0] Forcing full internal H chroma due to input having non subsampled chroma
[swscaler @ 0000020da9ee1000] [swscaler @ 0000020da9d9d080] Forcing full internal H chroma due to input having non subsampled chroma
[swscaler @ 0000020da9ee1000] [swscaler @ 0000020da9db00c0] Forcing full internal H chroma due to input having non subsampled chroma
[swscaler @ 0000020da9ee1000] [swscaler @ 0000020da9dc4480] Forcing full internal H chroma due to input having non subsampled chroma
[swscaler @ 0000020da9ee1000] [swscaler @ 0000020da9dd8880] Forcing full internal H chroma due to input having non subsampled chroma
[swscaler @ 0000020da9ee1000] [swscaler @ 0000020da9decc40] Forcing full internal H chroma due to input having non subsampled chroma
[swscaler @ 0000020da9ee1000] [swscaler @ 0000020da9e01040] Forcing full internal H chroma due to input having non subsampled chroma
[swscaler @ 0000020da9ee1000] [swscaler @ 0000020da9e15400] Forcing full internal H chroma due to input having non subsampled chroma
[swscaler @ 0000020da9ee1000] [swscaler @ 0000020da9e29800] Forcing full internal H chroma due to input having non subsampled chroma
[auto_scale_0 @ 0000020da9a3f540] w:1200 h:1200 fmt:rgba csp:gbr range:pc sar:0/1 -> w:1200 h:1200 fmt:bgra csp:gbr range:pc sar:0/1 flags:0x00000004
[graph 0 input from stream 0:0 @ 0000020da99d76c0] video frame properties congruent with link at pts_time: 0
[libwebp @ 0000020da9f90440] Lossy - quality=75.0 method=4
Output #0, webp, to 'g:\projects\04_CODE\sydoryk.com\public\assets\cover\solarpanels.webp':
  Metadata:
    encoder         : Lavf61.1.100
  Stream #0:0, 0, 1/1000: Video: webp, bgra(pc, gbr/unknown/unknown, progressive), 1200x1200, q=2-31, 200 kb/s, 25 fps, 1k tbn
      Metadata:
        encoder         : Lavc61.3.100 libwebp
[out#0/webp @ 0000020da99a7100] Starting thread...
[out_0_0 @ 0000020da99d4980] EOF on sink link out_0_0:default.
[vf#0:0 @ 0000020daa30a040] Filtergraph returned EOF, finishing
[vf#0:0 @ 0000020daa30a040] All consumers returned EOF
[libwebp @ 0000020da9f90440] Using libwebp for RGB-to-YUV conversion. You may want to consider passing in YUV instead for lossy encoding.
[vf#0:0 @ 0000020daa30a040] Terminating thread with return code 0 (success)
[vost#0:0/libwebp @ 0000020da9f900c0] Encoder thread received EOF
[vost#0:0/libwebp @ 0000020da9f900c0] Terminating thread with return code 0 (success)
[out#0/webp @ 0000020da99a7100] All streams finished
[out#0/webp @ 0000020da99a7100] Terminating thread with return code 0 (success)
[AVIOContext @ 0000020da99ded40] Statistics: 67274 bytes written, 0 seeks, 1 writeouts
[out#0/webp @ 0000020da99a7100] Output file #0 (g:\projects\04_CODE\sydoryk.com\public\assets\cover\solarpanels.webp):
[out#0/webp @ 0000020da99a7100]   Output stream #0:0 (video): 1 frames encoded; 1 packets muxed (67274 bytes); 
[out#0/webp @ 0000020da99a7100]   Total: 1 packets (67274 bytes) muxed
[out#0/webp @ 0000020da99a7100] video:66KiB audio:0KiB subtitle:0KiB other streams:0KiB global headers:0KiB muxing overhead: 0.000000%
frame=    1 fps=0.0 q=-0.0 Lsize=      66KiB time=00:00:00.04 bitrate=13454.8kbits/s speed=0.323x    
[in#0/png_pipe @ 0000020da9978b40] Input file #0 (g:\projects\04_CODE\sydoryk.com\solarpanel.png):
[in#0/png_pipe @ 0000020da9978b40]   Input stream #0:0 (video): 1 packets read (1777625 bytes); 1 frames decoded; 0 decode errors; 
[in#0/png_pipe @ 0000020da9978b40]   Total: 1 packets (1777625 bytes) demuxed
[AVIOContext @ 0000020da99a6a00] Statistics: 1777625 bytes read, 0 seeks
